// Jest Snapshot v1, https://goo.gl/fbAQLP

exports[`Header renders correctly 1`] = `
<header>
  <div
    className="undefined undefined"
  >
    <SvgrURL />
    <div
      className="undefined undefined"
    >
      <a
        className="undefined undefined undefined"
        href="/"
      >
        Superformula.
      </a>
    </div>
    <nav
      className="undefined undefined"
    >
      <div
        className="undefined undefined undefined"
      >
        <a
          className="undefined undefined undefined undefined"
          href="/services"
        >
          Services
        </a>
      </div>
      <div
        className="undefined undefined undefined"
      >
        <a
          className="undefined undefined undefined undefined"
          href="/work"
        >
          Work
        </a>
      </div>
      <div
        className="undefined undefined undefined"
      >
        <a
          className="undefined undefined undefined undefined"
          href="/articles"
        >
          Articles
        </a>
      </div>
      <div
        className="undefined undefined undefined"
      >
        <a
          className="undefined undefined undefined undefined"
          href="/contact"
        >
          Contact
        </a>
      </div>
      <div
        className="undefined undefined undefined"
      >
        <a
          className="undefined undefined undefined undefined"
          href="https://careers.superformula.com"
        >
          Careers
        </a>
      </div>
    </nav>
  </div>
</header>
`;
